
> poa-storefront@0.1.0 build C:\POA Next
> npm run sitemap && next build


> poa-storefront@0.1.0 sitemap C:\POA Next
> node --loader ts-node/esm scripts/generate-sitemap.ts

node.exe : (node:33628) ExperimentalWarning: `--experimental-loader` may be 
removed in the future; instead use `register()`:
At line:1 char:1
+ & "C:\Program Files\nodejs/node.exe" "C:\Users\info\AppData\Roaming\n ...
+ ~~~~~~~~~~~~~~~~~~~~~~~~~~~~~~~~~~~~~~~~~~~~~~~~~~~~~~~~~~~~~~~~~~~~~
    + CategoryInfo          : NotSpecified: ((node:33628) Ex...e `register()`: 
   :String) [], RemoteException
    + FullyQualifiedErrorId : NativeCommandError
 
--import 'data:text/javascript,import { register } from "node:module"; import 
{ pathToFileURL } from "node:url"; register("ts-node/esm", 
pathToFileURL("./"));'
(Use `node --trace-warnings ...` to show where the warning was created)
(node:33628) [DEP0180] DeprecationWarning: fs.Stats constructor is deprecated.
(Use `node --trace-deprecation ...` to show where the warning was created)
ÔÜá´©Å Could not fetch Shopify products, skipping product pages in sitemap
ÔÜá´©Å Could not fetch Shopify collections, skipping collection pages in 
sitemap
[baseline-browser-mapping] The data in this module is over two months old.  To 
ensure accurate Baseline data, please update: `npm i 
baseline-browser-mapping@latest -D`
   Ôû▓ Next.js 16.0.7 (Turbopack)
   - Environments: .env.local

   Running TypeScript ...
Failed to compile.

./src/pages/api/create-checkout.ts:171:36
Type error: Argument of type 'string | undefined' is not assignable to 
parameter of type 'string | URL'.
  Type 'undefined' is not assignable to type 'string | URL'.

[0m [90m 169 |[39m   [90m// Add return URL parameter to redirect back to 
website after checkout[39m
 [90m 170 |[39m   [36mtry[39m {
[31m[1m>[22m[39m[90m 171 |[39m     [36mconst[39m checkoutUrlObj 
[33m=[39m [36mnew[39m [33mURL[39m(checkoutUrl)[33m;[39m
 [90m     |[39m                                    [31m[1m^[22m[39m
 [90m 172 |[39m     [90m// Build the site URL from request headers or 
environment variable[39m
 [90m 173 |[39m     [36mconst[39m protocol [33m=[39m 
req[33m.[39mheaders[[32m'x-forwarded-proto'[39m] [33m||[39m 
[32m'https'[39m[33m;[39m
 [90m 174 |[39m     [36mconst[39m host [33m=[39m 
req[33m.[39mheaders[[32m'x-forwarded-host'[39m] [33m||[39m 
req[33m.[39mheaders[[32m'host'[39m] [33m||[39m 
[32m'pierceofart.co.uk'[39m[33m;[39m[0m
Next.js build worker exited with code: 1 and signal: null
npm ERR! code ELIFECYCLE
npm ERR! errno 1
npm ERR! poa-storefront@0.1.0 build: `npm run sitemap && next build`
npm ERR! Exit status 1
npm ERR! 
npm ERR! Failed at the poa-storefront@0.1.0 build script.
npm ERR! This is probably not a problem with npm. There is likely additional 
logging output above.

npm ERR! A complete log of this run can be found in:
npm ERR!     C:\Users\info\AppData\Roaming\npm-cache\_logs\2026-02-12T12_35_40_
444Z-debug.log
