
> poa-storefront@0.1.0 build C:\POA Next
> npm run sitemap && next build


> poa-storefront@0.1.0 sitemap C:\POA Next
> node --loader ts-node/esm scripts/generate-sitemap.ts

node.exe : (node:3576) ExperimentalWarning: `--experimental-loader` may be 
removed in the future; instead use `register()`:
At line:1 char:1
+ & "C:\Program Files\nodejs/node.exe" "C:\Users\info\AppData\Roaming\n ...
+ ~~~~~~~~~~~~~~~~~~~~~~~~~~~~~~~~~~~~~~~~~~~~~~~~~~~~~~~~~~~~~~~~~~~~~
    + CategoryInfo          : NotSpecified: ((node:3576) Exp...e `register()`: 
   :String) [], RemoteException
    + FullyQualifiedErrorId : NativeCommandError
 
--import 'data:text/javascript,import { register } from "node:module"; import 
{ pathToFileURL } from "node:url"; register("ts-node/esm", 
pathToFileURL("./"));'
(Use `node --trace-warnings ...` to show where the warning was created)
(node:3576) [DEP0180] DeprecationWarning: fs.Stats constructor is deprecated.
(Use `node --trace-deprecation ...` to show where the warning was created)
ÔÜá´©Å Could not fetch Shopify products, skipping product pages in sitemap
ÔÜá´©Å Could not fetch Shopify collections, skipping collection pages in 
sitemap
[baseline-browser-mapping] The data in this module is over two months old.  To 
ensure accurate Baseline data, please update: `npm i 
baseline-browser-mapping@latest -D`
   Ôû▓ Next.js 16.0.7 (Turbopack)
   - Environments: .env.local

   Running TypeScript ...
   Creating an optimized production build ...
[baseline-browser-mapping] The data in this module is over two months old.  To 
ensure accurate Baseline data, please update: `npm i 
baseline-browser-mapping@latest -D`
 Ô£ô Compiled successfully in 7.1s
   Collecting page data using 7 workers ...
[baseline-browser-mapping] The data in this module is over two months old.  To 
ensure accurate Baseline data, please update: `npm i 
baseline-browser-mapping@latest -D`
[baseline-browser-mapping] The data in this module is over two months old.  To 
ensure accurate Baseline data, please update: `npm i 
baseline-browser-mapping@latest -D`
[baseline-browser-mapping] The data in this module is over two months old.  To 
ensure accurate Baseline data, please update: `npm i 
baseline-browser-mapping@latest -D`
[baseline-browser-mapping] The data in this module is over two months old.  To 
ensure accurate Baseline data, please update: `npm i 
baseline-browser-mapping@latest -D`
[baseline-browser-mapping] The data in this module is over two months old.  To 
ensure accurate Baseline data, please update: `npm i 
baseline-browser-mapping@latest -D`
[baseline-browser-mapping] The data in this module is over two months old.  To 
ensure accurate Baseline data, please update: `npm i 
baseline-browser-mapping@latest -D`
[baseline-browser-mapping] The data in this module is over two months old.  To 
ensure accurate Baseline data, please update: `npm i 
baseline-browser-mapping@latest -D`
Error generating static paths: TypeError: fetch failed
    at async g (C:\POA Next\.next\server\chunks\ssr\_55771844._.js:33:1983) {
  [cause]: AggregateError: 
      at ignore-listed frames {
    code: 'ECONNREFUSED'
  }
}
   Generating static pages using 7 workers (0/570) ...
[baseline-browser-mapping] The data in this module is over two months old.  To 
ensure accurate Baseline data, please update: `npm i 
baseline-browser-mapping@latest -D`
[baseline-browser-mapping] The data in this module is over two months old.  To 
ensure accurate Baseline data, please update: `npm i 
baseline-browser-mapping@latest -D`
[baseline-browser-mapping] The data in this module is over two months old.  To 
ensure accurate Baseline data, please update: `npm i 
baseline-browser-mapping@latest -D`
[baseline-browser-mapping] The data in this module is over two months old.  To 
ensure accurate Baseline data, please update: `npm i 
baseline-browser-mapping@latest -D`
[baseline-browser-mapping] The data in this module is over two months old.  To 
ensure accurate Baseline data, please update: `npm i 
baseline-browser-mapping@latest -D`
[baseline-browser-mapping] The data in this module is over two months old.  To 
ensure accurate Baseline data, please update: `npm i 
baseline-browser-mapping@latest -D`
[baseline-browser-mapping] The data in this module is over two months old.  To 
ensure accurate Baseline data, please update: `npm i 
baseline-browser-mapping@latest -D`
Error fetching blog articles: TypeError: fetch failed
    at async f (C:\POA Next\.next\server\chunks\ssr\_73062046._.js:1:2158) {
  [cause]: AggregateError: 
      at ignore-listed frames {
    code: 'ECONNREFUSED'
  }
}
Error fetching availability at build time: TypeError: fetch failed
    at async o (C:\POA Next\.next\server\chunks\ssr\_1e23a567._.js:1:6310) {
  [cause]: AggregateError: 
      at ignore-listed frames {
    code: 'ECONNREFUSED'
  }
}
   Generating static pages using 7 workers (142/570) 
Error fetching availability at build time: TypeError: fetch failed
    at async o (C:\POA Next\.next\server\chunks\ssr\_1e23a567._.js:1:6310) {
  [cause]: AggregateError: 
      at ignore-listed frames {
    code: 'ECONNREFUSED'
  }
}
   Generating static pages using 7 workers (284/570) 
   Generating static pages using 7 workers (427/570) 
 Ô£ô Generating static pages using 7 workers (570/570) in 6.7s
   Finalizing page optimization ...

Route (pages)                                                                                Revalidate  Expire
Ôöî ÔùÅ / (659 ms)                                                                                       1h      1y
Ôö£   /_app
Ôö£ Ôùï /404 (681 ms)
Ôö£ Ôùï /account (691 ms)
Ôö£ Ôùï /account/activate/[customerId]/[activationToken] (683 ms)
Ôö£ Ôùï /account/reset/[id]/[token] (684 ms)
Ôö£ ãÆ /admin
Ôö£ ãÆ /admin/shopify-orders
Ôö£ ãÆ /admin/shopify-orders/[id]
Ôö£ ãÆ /admin/vip-subscribers
Ôö£ ãÆ /api/admin/poa-test
Ôö£ ãÆ /api/booking/availability
Ôö£ ãÆ /api/booking/confirm
Ôö£ ãÆ /api/booking/reschedule
Ôö£ ãÆ /api/bookings/calendar-auth/authorize
Ôö£ ãÆ /api/bookings/calendar-auth/google-callback
Ôö£ ãÆ /api/bookings/cancel
Ôö£ ãÆ /api/bookings/create
Ôö£ ãÆ /api/bookings/my-appointments
Ôö£ ãÆ /api/bookings/reschedule
Ôö£ ãÆ /api/chat
Ôö£ ãÆ /api/create-checkout
Ôö£ ãÆ /api/create-vip-draft-checkout
Ôö£ ãÆ /api/downloads/invoice
Ôö£ ãÆ /api/downloads/watermarks
Ôö£ ãÆ /api/email/chat-transcript
Ôö£ ãÆ /api/feeds/feed
Ôö£ ãÆ /api/feeds/piercing-magazine-feed
Ôö£ ãÆ /api/feeds/qa-feed
Ôö£ ãÆ /api/get-checkout
Ôö£ ãÆ /api/hello
Ôö£ ãÆ /api/search-products
Ôö£ ãÆ /api/shopify/activate-customer
Ôö£ ãÆ /api/shopify/blog/articles
Ôö£ ãÆ /api/shopify/create-customer
Ôö£ ãÆ /api/shopify/forgot-password
Ôö£ ãÆ /api/shopify/get-customer
Ôö£ ãÆ /api/shopify/get-orders
Ôö£ ãÆ /api/shopify/get-product-price
Ôö£ ãÆ /api/shopify/logout
Ôö£ ãÆ /api/shopify/reset-password
Ôö£ ãÆ /api/shopify/sign-in-customer
Ôö£ ãÆ /api/shopify/update-address
Ôö£ ãÆ /api/shopify/update-customer
Ôö£ ãÆ /api/shopify/verify-customer
Ôö£ ãÆ /api/stripe/create-checkout-session
Ôö£ ãÆ /api/stripe/create-portal-session
Ôö£ ãÆ /api/stripe/webhook
Ôö£ ãÆ /api/update-checkout
Ôö£ ãÆ /api/vip/create-draft-order
Ôö£ ãÆ /api/webhooks/shopify
Ôö£ Ôùï /blogs/magazine (682 ms)
Ôö£ Ôùï /blogs/magazine/[slug] (679 ms)
Ôö£ ÔùÅ /blogs/piercing-magazine (693 ms)                                                                1m      1y
Ôö£ ÔùÅ /blogs/piercing-magazine/[slug]
Ôö£ ÔùÅ /book-a-piercing/[location] (1559 ms)                                                            5m      1y
Ôöé Ôö£ /book-a-piercing/chesterfield (784 ms)
Ôöé Ôöö /book-a-piercing/leicester (775 ms)
Ôö£ ÔùÅ /booking (661 ms)                                                                                1d      1y
Ôö£ ÔùÅ /browse/[handle] (5975 ms)                                                                       1m      1y
Ôöé Ôö£ /browse/all-piercing-jewellery (1229 ms)
Ôöé Ôö£ /browse/all-bars-studs (971 ms)
Ôöé Ôö£ /browse/all-real-gold-piercing-jewellery (963 ms)
Ôöé Ôö£ /browse/helix-piercing-jewellery-earrings (601 ms)
Ôöé Ôö£ /browse/tragus-earrings-jewellery (600 ms)
Ôöé Ôö£ /browse/all-huggies-rings (480 ms)
Ôöé Ôö£ /browse/gem-paw-attachments
Ôöé Ôöö [+3 more paths]
Ôö£ ÔùÅ /collections/[handle] (2901 ms)                                                                  1m      1y
Ôöé Ôö£ /collections/helix-piercing-jewellery-earrings (551 ms)
Ôöé Ôö£ /collections/all-real-gold-piercing-jewellery (515 ms)
Ôöé Ôö£ /collections/tragus-earrings-jewellery (339 ms)
Ôöé Ôö£ /collections/all-huggies-rings (326 ms)
Ôöé Ôö£ /collections/all-piercing-jewellery
Ôöé Ôö£ /collections/gem-paw-attachments
Ôöé Ôö£ /collections/earlobe-earrings-sdafds
Ôöé Ôöö [+3 more paths]
Ôö£ Ôùï /favourites (682 ms)
Ôö£ ÔùÅ /information (660 ms)
Ôö£ ÔùÅ /information/[slug] (3857 ms)                                                                    1m      1y
Ôöé Ôö£ /information/about-us (760 ms)
Ôöé Ôö£ /information/accessability-statement (748 ms)
Ôöé Ôö£ /information/authorised-seller-map-policy
Ôöé Ôö£ /information/complaints-notices
Ôöé Ôö£ /information/cookie-policy
Ôöé Ôö£ /information/design-copyright-ip-notice
Ôöé Ôö£ /information/materials-hallmarking
Ôöé Ôöö [+10 more paths]
Ôö£ ÔùÅ /item/[handle] (75553 ms)                                                                        1m      1y
Ôöé Ôö£ /item/1-mm-hinged-ring-polychromatic-clicker-piercing-hypoallergenic-titanium (2008 ms)
Ôöé Ôö£ /item/silver-clear-diamante-star-cartilage-piercing (1344 ms)
Ôöé Ôö£ /item/gold-clear-diamante-square-cartilage-piercing (1271 ms)
Ôöé Ôö£ /item/silver-clear-diamante-x-bar-cartilage-piercing (1271 ms)
Ôöé Ôö£ /item/silver-clear-diamante-square-cartilage-piercing (1270 ms)
Ôöé Ôö£ /item/gold-clear-diamante-x-bar-cartilage-piercing (1268 ms)
Ôöé Ôö£ /item/gold-clear-diamante-star-cartilage-piercing (1258 ms)
Ôöé Ôöö [+243 more paths]
Ôö£ ÔùÅ /piercing-magazine (659 ms)
Ôö£ ÔùÅ /piercing-magazine/[slug] (1523 ms)
Ôöé Ôö£ /piercing-magazine/best-wholesale-piercing-jewellery-uk (770 ms)
Ôöé Ôöö /piercing-magazine/auricle-launch-interview (753 ms)
Ôö£ ÔùÅ /piercing/[area]
Ôö£ ÔùÅ /piercing/[area]/[company]
Ôö£ ÔùÅ /products/[handle] (73516 ms)                                                                    1m      1y
Ôöé Ôö£ /products/titanium-beaded-2-gem-cluster-with-clear-gemstones (1567 ms)
Ôöé Ôö£ /products/titanium-beaded-5-gem-crescent-with-multicolour-gemstones (1563 ms)
Ôöé Ôö£ /products/rose-gold-titanium-mariposa-trio-with-amethyst-purple-gems (1556 ms)
Ôöé Ôö£ /products/rose-gold-titanium-mariposa-trio-with-zultanite-colour-gems (1534 ms)
Ôöé Ôö£ /products/yellow-gold-titanium-mariposa-trio-with-amethyst-purple-gems (1268 ms)
Ôöé Ôö£ /products/rose-gold-titanium-mariposa-trio-with-pink-gems (1266 ms)
Ôöé Ôö£ /products/yellow-gold-titanium-mariposa-trio-with-clear-gems (1244 ms)
Ôöé Ôöö [+243 more paths]
Ôö£ ÔùÅ /quality-assurance (660 ms)
Ôö£ ÔùÅ /quality-assurance/[slug] (1291 ms)                                                              1m      1y
Ôöé Ôö£ /quality-assurance/astm-f136
Ôöé Ôö£ /quality-assurance/astm-f2923
Ôöé Ôö£ /quality-assurance/astm-f2999
Ôöé Ôöö [+7 more paths]
Ôö£ ÔùÅ /register (659 ms)                                                                               1d      1y
Ôö£ ÔùÅ /reset-password (659 ms)                                                                         1d      1y
Ôö£ Ôùï /search (681 ms)
Ôö£ ÔùÅ /sign-in (784 ms)                                                                                1d      1y
Ôöö ÔùÅ /sitemap (970 ms)

ãÆ Proxy (Middleware)

Ôùï  (Static)   prerendered as static content
ÔùÅ  (SSG)      prerendered as static HTML (uses getStaticProps)
ãÆ  (Dynamic)  server-rendered on demand

